[Licensing::Module] Trying to connect to existing licensing client channel...
Built from '6000.5/staging' branch; Version is '6000.5.9f1 (b57deb96f08d) revision 11894251'; Using compiler version '194234433'; Build Type 'Release'
[Licensing::IpcConnector] Successfully connected to: "LicenseClient-CAD" at "2026-09-14T17:30:14.1466761Z"
OS: 'Windows 11  (10.0.26200) Education' Language: 'en' Physical Memory: 32502 MB
BatchMode: 0, IsHumanControllingUs: 1, StartBugReporterOnCrash: 1, Is64bit: 1
System  architecture: x64
Process architecture: x64
Date: 2026-09-14T17:30:14Z

COMMAND LINE ARGUMENTS:
C:\Program Files\Unity\Hub\Editor\6000.5.9f1\Editor\Unity.exe
-projectpath
C:\Users\cad\Documents\Max Dominguez\Repositories\CAC-EF5-Scramble
-acceptSoftwareTermsForThisRunOnly
-useHub
-hubIPC
-cloudEnvironment
production
-licensingIpc
LicenseClient-CAD
-hubSessionId
209dc034-03a2-4fe7-a3ad-53a033183864
-accessToken
uZgNUfmYdHvsC51WzipxAoEWN-0aT9hoPpbBA0ZLwpI002f
Successfully changed project path to: C:\Users\cad\Documents\Max Dominguez\Repositories\CAC-EF5-Scramble
C:/Users/cad/Documents/Max Dominguez/Repositories/CAC-EF5-Scramble
[UnityMemory] Configuration Parameters - Can be set up in boot.config
    "memorysetup-temp-allocator-size-gi-baking-worker=262144"
    "memorysetup-temp-allocator-size-gi-baking-worker=262144"
    "memorysetup-temp-allocator-size-gi-baking-worker=262144"
    "memorysetup-temp-allocator-size-gi-baking-worker=262144"
    "memorysetup-temp-allocator-size-gi-baking-worker=262144"
    "memorysetup-temp-allocator-size-nav-mesh-worker=65536"
    "memorysetup-temp-allocator-size-audio-worker=65536"
    "memorysetup-temp-allocator-size-cloud-worker=32768"
    "memorysetup-temp-allocator-size-gfx=262144"
    "memorysetup-remapper-allocator-initial-capacity=32768"
    "memorysetup-temp-allocator-size-preload-manager=33554432"
    "memorysetup-allocator-temp-initial-block-size-main=262144"
    "memorysetup-allocator-temp-initial-block-size-worker=262144"
    "memorysetup-temp-allocator-size-job-worker=262144"
    "memorysetup-temp-allocator-size-background-worker=32768"
    "memorysetup-bucket-allocator-granularity=16"
    "memorysetup-bucket-allocator-bucket-count=8"
    "memorysetup-bucket-allocator-block-size=33554432"
    "memorysetup-bucket-allocator-block-count=8"
    "memorysetup-main-allocator-block-size=16777216"
    "memorysetup-thread-allocator-block-size=16777216"
    "memorysetup-main-allocator-mimalloc-enabled=0"
    "memorysetup-gfx-main-allocator-block-size=16777216"
    "memorysetup-gfx-thread-allocator-block-size=16777216"
    "memorysetup-cache-allocator-block-size=4194304"
    "memorysetup-typetree-allocator-block-size=2097152"
    "memorysetup-profiler-bucket-allocator-granularity=16"
    "memorysetup-profiler-bucket-allocator-bucket-count=8"
    "memorysetup-profiler-bucket-allocator-block-size=33554432"
    "memorysetup-profiler-bucket-allocator-block-count=8"
    "memorysetup-profiler-allocator-block-size=16777216"
    "memorysetup-profiler-editor-allocator-block-size=1048576"
    "memorysetup-temp-allocator-size-main=16777216"
    "memorysetup-job-temp-allocator-block-size=2097152"
    "memorysetup-job-temp-allocator-block-size-background=1048576"
    "memorysetup-job-temp-allocator-reduction-small-platforms=262144"
Player connection [2644]  Target information:

Player connection [2644]  * "[IP] 10.71.38.34 [Port] 55504 [Flags] 2 [Guid] 83041002 [EditorId] 83041002 [Version] 1048832 [Id] WindowsEditor(7,AHS-P0004848) [Debug] 1 [PackageName] WindowsEditor [ProjectName] Editor" 

Player connection [2644] Host joined multi-casting on [225.0.0.222:54997]...
Player connection [2644] Host joined alternative multi-casting on [225.0.0.222:34997]...
Input System module state changed to: Initialized.
[Physics::Module] Initialized fallback backend.
[Physics::Module] Id: 0xdecafbad
[Package Manager] Connected to IPC stream "Upm-20016" after 0.2 seconds.
[Licensing::Module] Licensing is not yet initialized.
[Licensing::Client] Error: HandshakeResponse reported an error:
	ResponseCode: 505
	ResponseStatus: Unsupported protocol version '1.18.3'.
[Licensing::Module] Error: Failed to handshake to channel: "LicenseClient-CAD"
[Licensing::IpcConnector] LicenseClient-CAD channel disconnected successfully.
[Licensing::IpcConnector] Channel LicenseClient-CAD-6000.5.9 doesn't exist
[Licensing::Module] Successfully launched the LicensingClient (PId: 21052)
Starting IPC server.
Waiting for clients to connect on \\.\pipe\Unity-LicenseClient-CAD-6000.5.9, press Ctrl-C to exit.
[Licensing::IpcConnector] Successfully connected to: "LicenseClient-CAD-6000.5.9" at "2026-09-14T17:30:16.8968782Z"
[Licensing::Client] Code 10 while verifying Licensing Client signature (process Id: 21052, path: "C:/Program Files/Unity/Hub/Editor/6000.5.9f1/Editor/Data/Resources/Licensing/Client/Unity.Licensing.Client.exe")
[Licensing::Module] LicensingClient has failed validation; ignoring
[Licensing::Client] Handshaking with LicensingClient:
  Version:                 1.18.3+d7ffd15
  Session Id:              0dce6b93f20d497c968dcf9da514ed9a
  Correlation Id:          9f2761f7a7a38781d6ac28b44bbf5815
  External correlation Id: 2264022300276512748
  Machine Id:              PxGzr6PVP5TUP9zVG2O1hkPD1VU=
[Licensing::Module] Successfully connected to LicensingClient on channel: "LicenseClient-CAD-6000.5.9" (connect: 1.93s, validation: 0.14s, handshake: 0.03s)
[Licensing::IpcConnector] Successfully connected to: "LicenseClient-CAD-6000.5.9-notifications" at "2026-09-14T17:30:17.0649703Z"
[Licensing::Module] Connected to LicensingClient (PId: 21052, launch time: 0.02, total connection time: 2.10s)
[Licensing::Client] Successfully updated the access token
[Licensing::Module] Successfully updated the access token uZgNUfmYdH...
[Licensing::Client] Successfully resolved entitlement details
[Licensing::Module] License group:
  Id: 2476033257603-UnityPersXXXX
  Product: Unity Personal
  Type: Assigned
  Expiration: Unlimited
[Licensing::Client] Successfully updated license, isAsync: True, time: 0.01
[Licensing::Client] Successfully resolved entitlement details
[Licensing::Module] Licensing Background thread has ended after 2.94s
[Licensing::Module] Licensing is initialized (took 2.18s).
[Licensing::Client] Successfully resolved entitlement details
Library Redirect Path: Library/
Rebuilding Library because the asset database could not be found!
Exiting without the bug reporter. Application will terminate with return code 0Shut down.
